// Jest Snapshot v1, https://goo.gl/fbAQLP

exports[`Test from ButtonDelete should render <ButtonDelete/> correctly 1`] = `
<div>
  <button
    className="btn btn-danger"
    onClick={[Function]}
  >
    Delete
  </button>
</div>
`;
