// Jest Snapshot v1, https://goo.gl/fbAQLP

exports[`Snapshot from <App/> should render <App/> correctly 1`] = `
<div
  className="App"
>
  <Routes />
</div>
`;
